
> domicilios@0.1.0 test
> playwright test tests/oauth-complete-flow.spec.ts --project=chromium


Running 1 test using 1 worker

[1A[2K[1/1] [chromium] › tests/oauth-complete-flow.spec.ts:5:6 › Complete OAuth Flow with Full Verification
[1A[2K[chromium] › tests/oauth-complete-flow.spec.ts:5:6 › Complete OAuth Flow with Full Verification

=== INICIO DEL TEST ===


[1A[2K📊 PASO 1: Verificando estado inicial de la BD...

[1A[2K   - Usuarios: 0

[1A[2K   - OAuth Accounts: 0

[1A[2K   - Sesiones: 0

[1A[2K   - Organizaciones: 0

[1A[2K
🚀 PASO 2: Navegando a /signup...

[1A[2K   ✅ Página cargada

[1A[2K
🔐 PASO 3: Haciendo clic en "Continuar con Google"...

[1A[2K  1) [chromium] › tests/oauth-complete-flow.spec.ts:5:6 › Complete OAuth Flow with Full Verification 

    TimeoutError: locator.waitFor: Timeout 10000ms exceeded.
    Call log:
    [2m  - waiting for locator('button:has-text("Continuar con Google")') to be visible[22m


      31 |   console.log('\n🔐 PASO 3: Haciendo clic en "Continuar con Google"...')
      32 |   const googleBtn = page.locator('button:has-text("Continuar con Google")')
    > 33 |   await googleBtn.waitFor({ timeout: 10000 })
         |                   ^
      34 |   await googleBtn.click()
      35 |   console.log('   ✅ Clic realizado, esperando redirección a Google...')
      36 |
        at /home/epayco21/Escritorio/richi-alvarez/domicilios/tests/oauth-complete-flow.spec.ts:33:19

    attachment #1: screenshot (image/png) ──────────────────────────────────────────────────────────
    test-results/oauth-complete-flow-Comple-5caa9-Flow-with-Full-Verification-chromium/test-failed-1.png
    ────────────────────────────────────────────────────────────────────────────────────────────────

    Error Context: test-results/oauth-complete-flow-Comple-5caa9-Flow-with-Full-Verification-chromium/error-context.md


[1A[2K  1 failed
    [chromium] › tests/oauth-complete-flow.spec.ts:5:6 › Complete OAuth Flow with Full Verification 
